// Jest Snapshot v1, https://goo.gl/fbAQLP

exports[`Indecision Component Debe hacer match con el snapshot 1`] = `
<h1>Indecision</h1>
<!--v-if-->
<div class="bg-dark"></div>
<div class="indecision-container"><input type="text" placeholder="Ask me a question">
  <p>Remember to ends it with a question mark (?)</p>
  <!--v-if-->
</div>
`;
